========== DIAGNÓSTICO TIENDA-ONLINE ==========
Wed Sep 23 14:12:29 UTC 2026

== Ubicación ==
/workspaces/tienda-online

== Git ==
main
636ddf4 Match the React Router v8 + Cloudflare + Vite dependency versions used by the runtime
 D log-terminal/diagnostico.log
 M tsconfig.json

== Versiones ==

==================================================
COMANDO: node --version
==================================================
v24.21.0

EXIT_CODE=0

==================================================
COMANDO: npm --version
==================================================
11.19.0

EXIT_CODE=0

==================================================
COMANDO: npx wrangler --version
==================================================
4.86.0

EXIT_CODE=0

== Dependencias ==

==================================================
COMANDO: npm ls react-router @react-router/dev @react-router/cloudflare @cloudflare/vite-plugin @cloudflare/workers-types @types/node
==================================================
tienda-online@ /workspaces/tienda-online
├─┬ @cloudflare/vite-plugin@1.57.3
│ └─┬ wrangler@4.136.3
│   └── @cloudflare/workers-types@5.20260923.1 deduped invalid: "^4.0.0" from node_modules/@react-router/cloudflare, "^4.20260426.1" from node_modules/wrangler
├── @cloudflare/workers-types@5.20260923.1
├─┬ @react-router/cloudflare@8.4.0
│ ├── @cloudflare/workers-types@5.20260923.1 deduped invalid: "^4.0.0" from node_modules/@react-router/cloudflare
│ └── react-router@8.4.0 deduped
├─┬ @react-router/dev@8.4.0
│ └── react-router@8.4.0 deduped
├─┬ @react-router/node@8.4.0
│ └── react-router@8.4.0 deduped
├── @types/node@26.6.2
├── react-router@8.4.0
├─┬ vite@7.3.6
│ └── @types/node@26.6.2 deduped
└─┬ wrangler@4.86.0 invalid: "^4.136.3" from the root project
  └── @cloudflare/workers-types@5.20260923.1 deduped invalid: "^4.0.0" from node_modules/@react-router/cloudflare, "^4.20260426.1" from node_modules/wrangler

npm error code ELSPROBLEMS
npm error invalid: @cloudflare/workers-types@5.20260923.1 /workspaces/tienda-online/node_modules/@cloudflare/workers-types
npm error A complete log of this run can be found in: /home/codespace/.npm/_logs/2026-09-23T14_12_31_483Z-debug-0.log

EXIT_CODE=1

== Instalación ==

==================================================
COMANDO: npm install --include=dev
==================================================
npm error code ERESOLVE
npm error ERESOLVE could not resolve
npm error
npm error While resolving: @react-router/cloudflare@8.4.0
npm error Found: @cloudflare/workers-types@5.20260923.1
npm error node_modules/@cloudflare/workers-types
npm error   dev @cloudflare/workers-types@"^5.20260923.1" from the root project
npm error   peerOptional @cloudflare/workers-types@"^5.20260921.1" from wrangler@4.136.3
npm error   node_modules/@cloudflare/vite-plugin/node_modules/wrangler
npm error     wrangler@"4.136.3" from @cloudflare/vite-plugin@1.57.3
npm error     node_modules/@cloudflare/vite-plugin
npm error       dev @cloudflare/vite-plugin@"^1.57.3" from the root project
npm error   1 more (wrangler)
npm error
npm error Could not resolve dependency:
npm error peer @cloudflare/workers-types@"^4.0.0" from @react-router/cloudflare@8.4.0
npm error node_modules/@react-router/cloudflare
npm error   @react-router/cloudflare@"^8.4.0" from the root project
npm error
npm error Conflicting peer dependency: @cloudflare/workers-types@4.20260702.1
npm error node_modules/@cloudflare/workers-types
npm error   peer @cloudflare/workers-types@"^4.0.0" from @react-router/cloudflare@8.4.0
npm error   node_modules/@react-router/cloudflare
npm error     @react-router/cloudflare@"^8.4.0" from the root project
npm error
npm error Fix the upstream dependency conflict, or retry this command with --force or --legacy-peer-deps to accept an incorrect (and potentially broken) dependency resolution.
npm error
npm error
npm error For a full report see:
npm error /home/codespace/.npm/_logs/2026-09-23T14_12_32_300Z-eresolve-report.txt
npm error A complete log of this run can be found in: /home/codespace/.npm/_logs/2026-09-23T14_12_32_300Z-debug-0.log

EXIT_CODE=1

== Limpieza de tipos generados ==

==================================================
COMANDO: rm -rf .react-router
==================================================

EXIT_CODE=0

== Build ==

==================================================
COMANDO: npm run build
==================================================

> build
> react-router build

Using Vite Environment API
vite v7.3.6 building client environment for production...
transforming...
✓ 175 modules transformed.
Generated an empty chunk: "cart-add".
Generated an empty chunk: "cart-remove".
Generated an empty chunk: "cart-update".
Generated an empty chunk: "google-callback".
Generated an empty chunk: "google".
Generated an empty chunk: "logout".
rendering chunks...
computing gzip size...
build/client/.assetsignore                         0.02 kB
build/client/.vite/manifest.json                  12.36 kB │ gzip:  1.31 kB
build/client/assets/root-CjfHXHjU.css             24.29 kB │ gzip:  5.37 kB
build/client/assets/cart-add-l0sNRNKZ.js           0.00 kB │ gzip:  0.02 kB
build/client/assets/cart-remove-l0sNRNKZ.js        0.00 kB │ gzip:  0.02 kB
build/client/assets/cart-update-l0sNRNKZ.js        0.00 kB │ gzip:  0.02 kB
build/client/assets/google-callback-l0sNRNKZ.js    0.00 kB │ gzip:  0.02 kB
build/client/assets/google-l0sNRNKZ.js             0.00 kB │ gzip:  0.02 kB
build/client/assets/logout-l0sNRNKZ.js             0.00 kB │ gzip:  0.02 kB
build/client/assets/utils-D_q00pzH.js              0.64 kB │ gzip:  0.34 kB
build/client/assets/GoogleButton-DzFiaPDJ.js       0.91 kB │ gzip:  0.57 kB
build/client/assets/search-C43-cGaV.js             0.97 kB │ gzip:  0.55 kB
build/client/assets/catalog-BVYhUAx2.js            1.16 kB │ gzip:  0.62 kB
build/client/assets/ProductCard-JJnzpvWN.js        1.19 kB │ gzip:  0.61 kB
build/client/assets/category-BzzdIroC.js           1.28 kB │ gzip:  0.66 kB
build/client/assets/audit-log-AoMD-rRw.js          1.32 kB │ gzip:  0.58 kB
build/client/assets/dashboard-FUgyQ_Y9.js          1.34 kB │ gzip:  0.64 kB
build/client/assets/login-C_JhLQhK.js              1.64 kB │ gzip:  0.74 kB
build/client/assets/orders-BHUnFGO-.js             1.71 kB │ gzip:  0.74 kB
build/client/assets/roles-BZTSrFaP.js              1.86 kB │ gzip:  0.74 kB
build/client/assets/reviews-DPWDLqe7.js            1.87 kB │ gzip:  0.78 kB
build/client/assets/products-CJQ_oIS5.js           2.05 kB │ gzip:  0.85 kB
build/client/assets/profile-CazGOhba.js            2.05 kB │ gzip:  0.70 kB
build/client/assets/home-D9SZx0z4.js               2.13 kB │ gzip:  0.91 kB
build/client/assets/register-DMY06Xid.js           2.15 kB │ gzip:  0.79 kB
build/client/assets/orders-D3U1HAlL.js             2.19 kB │ gzip:  0.87 kB
build/client/assets/addresses-CSlrJMmK.js          2.20 kB │ gzip:  0.74 kB
build/client/assets/product-new-CwEOj2ka.js        2.31 kB │ gzip:  0.78 kB
build/client/assets/dashboard-DfH7YCTq.js          2.54 kB │ gzip:  0.86 kB
build/client/assets/product-edit-Czztcn2a.js       2.70 kB │ gzip:  0.87 kB
build/client/assets/categories-C60nt3-T.js         2.73 kB │ gzip:  0.94 kB
build/client/assets/users-CIMMk5Yh.js              2.78 kB │ gzip:  0.98 kB
build/client/assets/AdminLayout-BGYImesE.js        2.98 kB │ gzip:  1.13 kB
build/client/assets/checkout-Btc2OB5u.js           3.08 kB │ gzip:  1.08 kB
build/client/assets/view-75JnpQqr.js               3.40 kB │ gzip:  1.15 kB
build/client/assets/detail-Bntv1k4d.js             4.49 kB │ gzip:  1.58 kB
build/client/assets/root-BquDoQxX.js               7.10 kB │ gzip:  2.33 kB
build/client/assets/lib-DILqsbpx.js               10.83 kB │ gzip:  4.31 kB
build/client/assets/errorBoundaries-DwwE4wzF.js   32.44 kB │ gzip: 11.59 kB
build/client/assets/jsx-runtime-BcQX-o6D.js       87.22 kB │ gzip: 29.50 kB
build/client/assets/entry.client-DoV0uSV3.js     217.11 kB │ gzip: 67.70 kB
✓ built in 3.81s
vite v7.3.6 building ssr environment for production...
transforming...
✓ 151 modules transformed.
rendering chunks...
build/server/.vite/manifest.json                 0.72 kB
build/server/wrangler.json                       1.54 kB
build/server/assets/server-build-CjfHXHjU.css   24.29 kB
build/server/index.js                            0.08 kB
build/server/assets/worker-entry-BBe71N-1.js   145.91 kB
build/server/assets/server-build-BC896OPA.js   821.07 kB
✓ built in 2.50s

EXIT_CODE=0

== TypeScript ==

==================================================
COMANDO: npx tsc --noEmit
==================================================
error TS2688: Cannot find type definition file for '@cloudflare/vite-plugin/client'.
  The file is in the program because:
    Entry point of type library '@cloudflare/vite-plugin/client' specified in compilerOptions

EXIT_CODE=2

== Wrangler dry-run ==

==================================================
COMANDO: npx wrangler deploy --dry-run
==================================================

 ⛅️ wrangler 4.86.0 (update available 4.136.3)
──────────────────────────────────────────────
Using redirected Wrangler configuration.
 - Configuration being used: "build/server/wrangler.json"
 - Original user's configuration: "wrangler.jsonc"
 - Deploy configuration file: ".wrangler/deploy/config.json"
[33m▲ [43;33m[[43;30mWARNING[43;33m][0m [1mProcessing build/server/wrangler.json configuration:[0m

    - Unexpected fields found in top-level field: "exports","connect","agent_memory"


There is a newer version of Wrangler available (current: 4.86.0, latest: 4.136.3). Try upgrading, as it might support this configuration option.
Attaching additional modules:
┌─────────────────────────────────┬──────┬────────────┐
│ Name                            │ Type │ Size       │
├─────────────────────────────────┼──────┼────────────┤
│ assets/server-build-BC896OPA.js │ esm  │ 801.83 KiB │
├─────────────────────────────────┼──────┼────────────┤
│ assets/worker-entry-BBe71N-1.js │ esm  │ 142.49 KiB │
├─────────────────────────────────┼──────┼────────────┤
│ Total (2 modules)               │      │ 944.32 KiB │
└─────────────────────────────────┴──────┴────────────┘
✨ Read 44 files from the assets directory /workspaces/tienda-online/build/client
Total Upload: 944.40 KiB / gzip: 170.96 KiB
Your Worker has access to the following bindings:
Binding                                              Resource          
env.SESSIONS (d55e906be9bf4fe88641ff58505adfc9)      KV Namespace      
env.CACHE (d507b543e92a436db2550dd78d1eda61)         KV Namespace      
env.DB (tienda-db)                                   D1 Database       

--dry-run: exiting now.

EXIT_CODE=0

== Estado final de Git ==
 D log-terminal/diagnostico.log
 M tsconfig.json

========== FIN DEL DIAGNÓSTICO ==========
